.NET Framework için MSBuild sürüm 17.9.8+b34f75857

  glfw.vcxproj -> C:\Users\User\Desktop\GameProject\build\libs\glfw\src\Debug\glfw3.lib
  imgui.vcxproj -> C:\Users\User\Desktop\GameProject\build\Debug\imgui.lib
  main.cpp
C:\Users\User\Desktop\GameProject\Header\Camera.h(46,3): error C2653: 'nlohmann': bir sınıf veya ad alanı adı değil [C:\Users\User\Desktop\GameProject\build\GameProject.vcxproj]
  ('../src/main.cpp' kaynak dosyası derleniyor)
  
C:\Users\User\Desktop\GameProject\Header\Camera.h(46,18): error C3646: 'ToJson': bilinmeyen geçersiz kılma belirticisi [C:\Users\User\Desktop\GameProject\build\GameProject.vcxproj]
  ('../src/main.cpp' kaynak dosyası derleniyor)
  
C:\Users\User\Desktop\GameProject\Header\Camera.h(46,24): error C2059: sözdizimi hatası: '(' [C:\Users\User\Desktop\GameProject\build\GameProject.vcxproj]
  ('../src/main.cpp' kaynak dosyası derleniyor)
  
C:\Users\User\Desktop\GameProject\Header\Camera.h(46,26): error C2238: ';' öncesinde beklenmeyen belirteçler [C:\Users\User\Desktop\GameProject\build\GameProject.vcxproj]
  ('../src/main.cpp' kaynak dosyası derleniyor)
  
C:\Users\User\Desktop\GameProject\src\main.cpp(117,11): error C2660: 'Menu::Draw': işlev 2 bağımsız değişken almıyor [C:\Users\User\Desktop\GameProject\build\GameProject.vcxproj]
  C:\Users\User\Desktop\GameProject\Header\Menu.h(30,10):
  'Menu::Draw' bildirimine bakın
  C:\Users\User\Desktop\GameProject\src\main.cpp(117,11):
  '(Window *, Shader *)' bağımsız değişken listesi eşlenmeye çalışılırken
  
  Camera.cpp
C:\Users\User\Desktop\GameProject\Header\Camera.h(46,3): error C2653: 'nlohmann': bir sınıf veya ad alanı adı değil [C:\Users\User\Desktop\GameProject\build\GameProject.vcxproj]
  ('../src/Camera.cpp' kaynak dosyası derleniyor)
  
C:\Users\User\Desktop\GameProject\Header\Camera.h(46,18): error C3646: 'ToJson': bilinmeyen geçersiz kılma belirticisi [C:\Users\User\Desktop\GameProject\build\GameProject.vcxproj]
  ('../src/Camera.cpp' kaynak dosyası derleniyor)
  
C:\Users\User\Desktop\GameProject\Header\Camera.h(46,24): error C2059: sözdizimi hatası: '(' [C:\Users\User\Desktop\GameProject\build\GameProject.vcxproj]
  ('../src/Camera.cpp' kaynak dosyası derleniyor)
  
C:\Users\User\Desktop\GameProject\Header\Camera.h(46,26): error C2238: ';' öncesinde beklenmeyen belirteçler [C:\Users\User\Desktop\GameProject\build\GameProject.vcxproj]
  ('../src/Camera.cpp' kaynak dosyası derleniyor)
  
C:\Users\User\Desktop\GameProject\src\Camera.cpp(107,1): error C2653: 'nlohmann': bir sınıf veya ad alanı adı değil [C:\Users\User\Desktop\GameProject\build\GameProject.vcxproj]
C:\Users\User\Desktop\GameProject\src\Camera.cpp(107,24): error C2039: 'ToJson': bir 'Camera' üyesi değil [C:\Users\User\Desktop\GameProject\build\GameProject.vcxproj]
  C:\Users\User\Desktop\GameProject\Header\Camera.h(17,7):
  'Camera' bildirimine bakın
  
C:\Users\User\Desktop\GameProject\src\Camera.cpp(107,30): error C4430: tür belirticisi eksik - int varsayıldı. Not: C++ varsayılan int desteği içermez [C:\Users\User\Desktop\GameProject\build\GameProject.vcxproj]
C:\Users\User\Desktop\GameProject\src\Camera.cpp(107,24): error C2146: sözdizimi hatası: ';' eksik ('ToJson' tanımlayıcısından önce) [C:\Users\User\Desktop\GameProject\build\GameProject.vcxproj]
C:\Users\User\Desktop\GameProject\src\Camera.cpp(107,33): error C2143: sözdizimi hatası: ';' eksik ('{' öncesinde) [C:\Users\User\Desktop\GameProject\build\GameProject.vcxproj]
C:\Users\User\Desktop\GameProject\src\Camera.cpp(107,33): error C2447: '{': işlev üstbilgisi eksik (eski tarzda biçimsel liste mi?) [C:\Users\User\Desktop\GameProject\build\GameProject.vcxproj]
  Items.cpp
C:\Users\User\Desktop\GameProject\src\Items.cpp(199,23): error C2511: 'nlohmann::json_abi_v3_12_0::json Items::ToJson(std::map<int,std::unique_ptr<Items,std::default_delete<Items>>,std::less<int>,std::allocator<std::pair<const int,std::unique_ptr<Items,std::default_delete<Items>>>>> &)': aşırı yüklenen üye işlev 'Items' içinde bulunamadı [C:\Users\User\Desktop\GameProject\build\GameProject.vcxproj]
  C:\Users\User\Desktop\GameProject\Header\Items.h(25,7):
  'Items' bildirimine bakın
  
  Menu.cpp
C:\Users\User\Desktop\GameProject\Header\Menu.h(24,21): error C2065: 'VAO': bildirimi yapılmamış tanımlayıcı [C:\Users\User\Desktop\GameProject\build\GameProject.vcxproj]
  ('../src/Menu.cpp' kaynak dosyası derleniyor)
  
C:\Users\User\Desktop\GameProject\Header\Menu.h(24,10): error C2923: 'std::unique_ptr': 'VAO' geçerli bir şablon tür bağımsız değişkeni değil ('_Ty' parametresi için) [C:\Users\User\Desktop\GameProject\build\GameProject.vcxproj]
  ('../src/Menu.cpp' kaynak dosyası derleniyor)
  C:\Users\User\Desktop\GameProject\Header\Menu.h(24,21):
  'VAO' bildirimine bakın
  
C:\Users\User\Desktop\GameProject\Header\Menu.h(24,10): error C2976: 'std::unique_ptr': çok az sayıda şablon bağımsız değişkeni var [C:\Users\User\Desktop\GameProject\build\GameProject.vcxproj]
  ('../src/Menu.cpp' kaynak dosyası derleniyor)
  C:\Program Files\Microsoft Visual Studio\2022\Community\VC\Tools\MSVC\14.39.33519\include\memory(3172,7):
  'std::unique_ptr' bildirimine bakın
  
C:\Users\User\Desktop\GameProject\Header\Menu.h(24,26): error C2955: 'std::unique_ptr' : sınıf şablon kullanımı için şablon bağımsız değişken listesi gerekir [C:\Users\User\Desktop\GameProject\build\GameProject.vcxproj]
  ('../src/Menu.cpp' kaynak dosyası derleniyor)
  C:\Program Files\Microsoft Visual Studio\2022\Community\VC\Tools\MSVC\14.39.33519\include\memory(3172,7):
  'std::unique_ptr' bildirimine bakın
  
C:\Users\User\Desktop\GameProject\Header\Menu.h(25,21): error C2065: 'VBO': bildirimi yapılmamış tanımlayıcı [C:\Users\User\Desktop\GameProject\build\GameProject.vcxproj]
  ('../src/Menu.cpp' kaynak dosyası derleniyor)
  
C:\Users\User\Desktop\GameProject\Header\Menu.h(25,10): error C2923: 'std::unique_ptr': 'VBO' geçerli bir şablon tür bağımsız değişkeni değil ('_Ty' parametresi için) [C:\Users\User\Desktop\GameProject\build\GameProject.vcxproj]
  ('../src/Menu.cpp' kaynak dosyası derleniyor)
  C:\Users\User\Desktop\GameProject\Header\Menu.h(25,21):
  'VBO' bildirimine bakın
  
C:\Users\User\Desktop\GameProject\Header\Menu.h(25,10): error C2976: 'std::unique_ptr': çok az sayıda şablon bağımsız değişkeni var [C:\Users\User\Desktop\GameProject\build\GameProject.vcxproj]
  ('../src/Menu.cpp' kaynak dosyası derleniyor)
  C:\Program Files\Microsoft Visual Studio\2022\Community\VC\Tools\MSVC\14.39.33519\include\memory(3172,7):
  'std::unique_ptr' bildirimine bakın
  
C:\Users\User\Desktop\GameProject\Header\Menu.h(25,26): error C2955: 'std::unique_ptr' : sınıf şablon kullanımı için şablon bağımsız değişken listesi gerekir [C:\Users\User\Desktop\GameProject\build\GameProject.vcxproj]
  ('../src/Menu.cpp' kaynak dosyası derleniyor)
  C:\Program Files\Microsoft Visual Studio\2022\Community\VC\Tools\MSVC\14.39.33519\include\memory(3172,7):
  'std::unique_ptr' bildirimine bakın
  
C:\Users\User\Desktop\GameProject\Header\Menu.h(26,21): error C2065: 'EBO': bildirimi yapılmamış tanımlayıcı [C:\Users\User\Desktop\GameProject\build\GameProject.vcxproj]
  ('../src/Menu.cpp' kaynak dosyası derleniyor)
  
C:\Users\User\Desktop\GameProject\Header\Menu.h(26,10): error C2923: 'std::unique_ptr': 'EBO' geçerli bir şablon tür bağımsız değişkeni değil ('_Ty' parametresi için) [C:\Users\User\Desktop\GameProject\build\GameProject.vcxproj]
  ('../src/Menu.cpp' kaynak dosyası derleniyor)
  C:\Users\User\Desktop\GameProject\Header\Menu.h(26,21):
  'EBO' bildirimine bakın
  
C:\Users\User\Desktop\GameProject\Header\Menu.h(26,10): error C2976: 'std::unique_ptr': çok az sayıda şablon bağımsız değişkeni var [C:\Users\User\Desktop\GameProject\build\GameProject.vcxproj]
  ('../src/Menu.cpp' kaynak dosyası derleniyor)
  C:\Program Files\Microsoft Visual Studio\2022\Community\VC\Tools\MSVC\14.39.33519\include\memory(3172,7):
  'std::unique_ptr' bildirimine bakın
  
C:\Users\User\Desktop\GameProject\Header\Menu.h(26,26): error C2955: 'std::unique_ptr' : sınıf şablon kullanımı için şablon bağımsız değişken listesi gerekir [C:\Users\User\Desktop\GameProject\build\GameProject.vcxproj]
  ('../src/Menu.cpp' kaynak dosyası derleniyor)
  C:\Program Files\Microsoft Visual Studio\2022\Community\VC\Tools\MSVC\14.39.33519\include\memory(3172,7):
  'std::unique_ptr' bildirimine bakın
  
C:\Users\User\Desktop\GameProject\src\Menu.cpp(4,44): error C2512: 'std::unique_ptr': kullanılabilir uygun varsayılan oluşturucu yok [C:\Users\User\Desktop\GameProject\build\GameProject.vcxproj]
  C:\Program Files\Microsoft Visual Studio\2022\Community\VC\Tools\MSVC\14.39.33519\include\memory(3172,7):
  'std::unique_ptr' bildirimine bakın
  
C:\Users\User\Desktop\GameProject\src\Menu.cpp(18,28): error C2065: 'VAO': bildirimi yapılmamış tanımlayıcı [C:\Users\User\Desktop\GameProject\build\GameProject.vcxproj]
C:\Users\User\Desktop\GameProject\src\Menu.cpp(18,16): error C2672: 'std::make_unique': eşleşen aşırı yüklenmiş işlev bulunamadı [C:\Users\User\Desktop\GameProject\build\GameProject.vcxproj]
  C:\Program Files\Microsoft Visual Studio\2022\Community\VC\Tools\MSVC\14.39.33519\include\memory(3444,6):
  'void std::make_unique(_Types &&...)' olabilirdi
  	C:\Users\User\Desktop\GameProject\src\Menu.cpp(18,28):
  	'std::make_unique': '_Ty' için şablon bağımsız değişkeni geçersiz, tür bekleniyor
  C:\Program Files\Microsoft Visual Studio\2022\Community\VC\Tools\MSVC\14.39.33519\include\memory(3438,57):
  veya       'std::unique_ptr<_Ty,std::default_delete<_Ty>> std::make_unique(const size_t)'
  	C:\Users\User\Desktop\GameProject\src\Menu.cpp(18,28):
  	'std::make_unique': '_Ty' için şablon bağımsız değişkeni geçersiz, tür bekleniyor
  C:\Program Files\Microsoft Visual Studio\2022\Community\VC\Tools\MSVC\14.39.33519\include\memory(3433,57):
  veya       'std::unique_ptr<_Ty,std::default_delete<_Ty>> std::make_unique(_Types &&...)'
  	C:\Users\User\Desktop\GameProject\src\Menu.cpp(18,28):
  	'std::make_unique': '_Ty' için şablon bağımsız değişkeni geçersiz, tür bekleniyor
  
C:\Users\User\Desktop\GameProject\src\Menu.cpp(19,28): error C2065: 'VBO': bildirimi yapılmamış tanımlayıcı [C:\Users\User\Desktop\GameProject\build\GameProject.vcxproj]
C:\Users\User\Desktop\GameProject\src\Menu.cpp(19,16): error C2672: 'std::make_unique': eşleşen aşırı yüklenmiş işlev bulunamadı [C:\Users\User\Desktop\GameProject\build\GameProject.vcxproj]
  C:\Program Files\Microsoft Visual Studio\2022\Community\VC\Tools\MSVC\14.39.33519\include\memory(3444,6):
  'void std::make_unique(_Types &&...)' olabilirdi
  	C:\Users\User\Desktop\GameProject\src\Menu.cpp(19,28):
  	'std::make_unique': '_Ty' için şablon bağımsız değişkeni geçersiz, tür bekleniyor
  C:\Program Files\Microsoft Visual Studio\2022\Community\VC\Tools\MSVC\14.39.33519\include\memory(3438,57):
  veya       'std::unique_ptr<_Ty,std::default_delete<_Ty>> std::make_unique(const size_t)'
  	C:\Users\User\Desktop\GameProject\src\Menu.cpp(19,28):
  	'std::make_unique': '_Ty' için şablon bağımsız değişkeni geçersiz, tür bekleniyor
  C:\Program Files\Microsoft Visual Studio\2022\Community\VC\Tools\MSVC\14.39.33519\include\memory(3433,57):
  veya       'std::unique_ptr<_Ty,std::default_delete<_Ty>> std::make_unique(_Types &&...)'
  	C:\Users\User\Desktop\GameProject\src\Menu.cpp(19,28):
  	'std::make_unique': '_Ty' için şablon bağımsız değişkeni geçersiz, tür bekleniyor
  
C:\Users\User\Desktop\GameProject\src\Menu.cpp(20,28): error C2065: 'EBO': bildirimi yapılmamış tanımlayıcı [C:\Users\User\Desktop\GameProject\build\GameProject.vcxproj]
C:\Users\User\Desktop\GameProject\src\Menu.cpp(20,16): error C2672: 'std::make_unique': eşleşen aşırı yüklenmiş işlev bulunamadı [C:\Users\User\Desktop\GameProject\build\GameProject.vcxproj]
  C:\Program Files\Microsoft Visual Studio\2022\Community\VC\Tools\MSVC\14.39.33519\include\memory(3444,6):
  'void std::make_unique(_Types &&...)' olabilirdi
  	C:\Users\User\Desktop\GameProject\src\Menu.cpp(20,28):
  	'std::make_unique': '_Ty' için şablon bağımsız değişkeni geçersiz, tür bekleniyor
  C:\Program Files\Microsoft Visual Studio\2022\Community\VC\Tools\MSVC\14.39.33519\include\memory(3438,57):
  veya       'std::unique_ptr<_Ty,std::default_delete<_Ty>> std::make_unique(const size_t)'
  	C:\Users\User\Desktop\GameProject\src\Menu.cpp(20,28):
  	'std::make_unique': '_Ty' için şablon bağımsız değişkeni geçersiz, tür bekleniyor
  C:\Program Files\Microsoft Visual Studio\2022\Community\VC\Tools\MSVC\14.39.33519\include\memory(3433,57):
  veya       'std::unique_ptr<_Ty,std::default_delete<_Ty>> std::make_unique(_Types &&...)'
  	C:\Users\User\Desktop\GameProject\src\Menu.cpp(20,28):
  	'std::make_unique': '_Ty' için şablon bağımsız değişkeni geçersiz, tür bekleniyor
  
C:\Users\User\Desktop\GameProject\src\Menu.cpp(21,5): error C2678: ikili '->': 'std::unique_ptr' türünde bir sol taraf işleneni alan hiçbir işleç bulunamadı (veya hiç kabul edilebilir dönüştürme yok) [C:\Users\User\Desktop\GameProject\build\GameProject.vcxproj]
  C:\Program Files\Microsoft Visual Studio\2022\Community\VC\Tools\MSVC\14.39.33519\include\memory(3265,37):
  '_Get_deleter_pointer_type<_Ty,remove_reference<_Ty1>::type,void>::type std::unique_ptr<_Ty,_Dx>::operator ->(void) noexcept const' olabilirdi
  	C:\Users\User\Desktop\GameProject\src\Menu.cpp(21,5):
  	'_Get_deleter_pointer_type<_Ty,remove_reference<_Ty1>::type,void>::type std::unique_ptr<_Ty,_Dx>::operator ->(void) noexcept const': 'this' işaretçisi 'std::unique_ptr' iken 'const std::unique_ptr<_Ty,_Dx> &' olarak dönüştürülemiyor
  		C:\Users\User\Desktop\GameProject\src\Menu.cpp(21,5):
  		Nedeni: 'std::unique_ptr' değerinden 'const std::unique_ptr<_Ty,_Dx>' değerine dönüştürülemez
  		C:\Users\User\Desktop\GameProject\src\Menu.cpp(21,5):
  		Dönüştürme ikinci bir kullanıcı tanımlı dönüştürme işleci veya oluşturucu gerektiriyor
  C:\Users\User\Desktop\GameProject\src\Menu.cpp(21,5):
  '(std::unique_ptr)' bağımsız değişken listesi eşlenmeye çalışılırken
  
C:\Users\User\Desktop\GameProject\src\Menu.cpp(21,10): error C2039: 'Bind': bir 'std::unique_ptr' üyesi değil [C:\Users\User\Desktop\GameProject\build\GameProject.vcxproj]
  C:\Program Files\Microsoft Visual Studio\2022\Community\VC\Tools\MSVC\14.39.33519\include\memory(3172,7):
  'std::unique_ptr' bildirimine bakın
  
C:\Users\User\Desktop\GameProject\src\Menu.cpp(22,5): error C2678: ikili '->': 'std::unique_ptr' türünde bir sol taraf işleneni alan hiçbir işleç bulunamadı (veya hiç kabul edilebilir dönüştürme yok) [C:\Users\User\Desktop\GameProject\build\GameProject.vcxproj]
  C:\Program Files\Microsoft Visual Studio\2022\Community\VC\Tools\MSVC\14.39.33519\include\memory(3265,37):
  '_Get_deleter_pointer_type<_Ty,remove_reference<_Ty1>::type,void>::type std::unique_ptr<_Ty,_Dx>::operator ->(void) noexcept const' olabilirdi
  	C:\Users\User\Desktop\GameProject\src\Menu.cpp(22,5):
  	'_Get_deleter_pointer_type<_Ty,remove_reference<_Ty1>::type,void>::type std::unique_ptr<_Ty,_Dx>::operator ->(void) noexcept const': 'this' işaretçisi 'std::unique_ptr' iken 'const std::unique_ptr<_Ty,_Dx> &' olarak dönüştürülemiyor
  		C:\Users\User\Desktop\GameProject\src\Menu.cpp(22,5):
  		Nedeni: 'std::unique_ptr' değerinden 'const std::unique_ptr<_Ty,_Dx>' değerine dönüştürülemez
  		C:\Users\User\Desktop\GameProject\src\Menu.cpp(22,5):
  		Dönüştürme ikinci bir kullanıcı tanımlı dönüştürme işleci veya oluşturucu gerektiriyor
  C:\Users\User\Desktop\GameProject\src\Menu.cpp(22,5):
  '(std::unique_ptr)' bağımsız değişken listesi eşlenmeye çalışılırken
  
C:\Users\User\Desktop\GameProject\src\Menu.cpp(22,10): error C2039: 'Bind': bir 'std::unique_ptr' üyesi değil [C:\Users\User\Desktop\GameProject\build\GameProject.vcxproj]
  C:\Program Files\Microsoft Visual Studio\2022\Community\VC\Tools\MSVC\14.39.33519\include\memory(3172,7):
  'std::unique_ptr' bildirimine bakın
  
C:\Users\User\Desktop\GameProject\src\Menu.cpp(23,5): error C2678: ikili '->': 'std::unique_ptr' türünde bir sol taraf işleneni alan hiçbir işleç bulunamadı (veya hiç kabul edilebilir dönüştürme yok) [C:\Users\User\Desktop\GameProject\build\GameProject.vcxproj]
  C:\Program Files\Microsoft Visual Studio\2022\Community\VC\Tools\MSVC\14.39.33519\include\memory(3265,37):
  '_Get_deleter_pointer_type<_Ty,remove_reference<_Ty1>::type,void>::type std::unique_ptr<_Ty,_Dx>::operator ->(void) noexcept const' olabilirdi
  	C:\Users\User\Desktop\GameProject\src\Menu.cpp(23,5):
  	'_Get_deleter_pointer_type<_Ty,remove_reference<_Ty1>::type,void>::type std::unique_ptr<_Ty,_Dx>::operator ->(void) noexcept const': 'this' işaretçisi 'std::unique_ptr' iken 'const std::unique_ptr<_Ty,_Dx> &' olarak dönüştürülemiyor
  		C:\Users\User\Desktop\GameProject\src\Menu.cpp(23,5):
  		Nedeni: 'std::unique_ptr' değerinden 'const std::unique_ptr<_Ty,_Dx>' değerine dönüştürülemez
  		C:\Users\User\Desktop\GameProject\src\Menu.cpp(23,5):
  		Dönüştürme ikinci bir kullanıcı tanımlı dönüştürme işleci veya oluşturucu gerektiriyor
  C:\Users\User\Desktop\GameProject\src\Menu.cpp(23,5):
  '(std::unique_ptr)' bağımsız değişken listesi eşlenmeye çalışılırken
  
C:\Users\User\Desktop\GameProject\src\Menu.cpp(23,10): error C2039: 'Bind': bir 'std::unique_ptr' üyesi değil [C:\Users\User\Desktop\GameProject\build\GameProject.vcxproj]
  C:\Program Files\Microsoft Visual Studio\2022\Community\VC\Tools\MSVC\14.39.33519\include\memory(3172,7):
  'std::unique_ptr' bildirimine bakın
  
C:\Users\User\Desktop\GameProject\src\Menu.cpp(24,5): error C2678: ikili '->': 'std::unique_ptr' türünde bir sol taraf işleneni alan hiçbir işleç bulunamadı (veya hiç kabul edilebilir dönüştürme yok) [C:\Users\User\Desktop\GameProject\build\GameProject.vcxproj]
  C:\Program Files\Microsoft Visual Studio\2022\Community\VC\Tools\MSVC\14.39.33519\include\memory(3265,37):
  '_Get_deleter_pointer_type<_Ty,remove_reference<_Ty1>::type,void>::type std::unique_ptr<_Ty,_Dx>::operator ->(void) noexcept const' olabilirdi
  	C:\Users\User\Desktop\GameProject\src\Menu.cpp(24,5):
  	'_Get_deleter_pointer_type<_Ty,remove_reference<_Ty1>::type,void>::type std::unique_ptr<_Ty,_Dx>::operator ->(void) noexcept const': 'this' işaretçisi 'std::unique_ptr' iken 'const std::unique_ptr<_Ty,_Dx> &' olarak dönüştürülemiyor
  		C:\Users\User\Desktop\GameProject\src\Menu.cpp(24,5):
  		Nedeni: 'std::unique_ptr' değerinden 'const std::unique_ptr<_Ty,_Dx>' değerine dönüştürülemez
  		C:\Users\User\Desktop\GameProject\src\Menu.cpp(24,5):
  		Dönüştürme ikinci bir kullanıcı tanımlı dönüştürme işleci veya oluşturucu gerektiriyor
  C:\Users\User\Desktop\GameProject\src\Menu.cpp(24,5):
  '(std::unique_ptr)' bağımsız değişken listesi eşlenmeye çalışılırken
  
C:\Users\User\Desktop\GameProject\src\Menu.cpp(24,10): error C2039: 'LinkAttrib': bir 'std::unique_ptr' üyesi değil [C:\Users\User\Desktop\GameProject\build\GameProject.vcxproj]
  C:\Program Files\Microsoft Visual Studio\2022\Community\VC\Tools\MSVC\14.39.33519\include\memory(3172,7):
  'std::unique_ptr' bildirimine bakın
  
C:\Users\User\Desktop\GameProject\src\Menu.cpp(24,22): error C2678: ikili '*': 'std::unique_ptr' türünde bir sol taraf işleneni alan hiçbir işleç bulunamadı (veya hiç kabul edilebilir dönüştürme yok) [C:\Users\User\Desktop\GameProject\build\GameProject.vcxproj]
  C:\Program Files\Microsoft Visual Studio\2022\Community\VC\Tools\MSVC\14.39.33519\include\memory(3261,57):
  '_Add_reference<_Ty,void>::_Lvalue std::unique_ptr<_Ty,_Dx>::operator *(void) noexcept(<expr>) const' olabilirdi
  	C:\Users\User\Desktop\GameProject\src\Menu.cpp(24,22):
  	'_Add_reference<_Ty,void>::_Lvalue std::unique_ptr<_Ty,_Dx>::operator *(void) noexcept(<expr>) const': 'this' işaretçisi 'std::unique_ptr' iken 'const std::unique_ptr<_Ty,_Dx> &' olarak dönüştürülemiyor
  		C:\Users\User\Desktop\GameProject\src\Menu.cpp(24,22):
  		Nedeni: 'std::unique_ptr' değerinden 'const std::unique_ptr<_Ty,_Dx>' değerine dönüştürülemez
  		C:\Users\User\Desktop\GameProject\src\Menu.cpp(24,22):
  		Dönüştürme ikinci bir kullanıcı tanımlı dönüştürme işleci veya oluşturucu gerektiriyor
  C:\Program Files\Microsoft Visual Studio\2022\Community\VC\Tools\MSVC\14.39.33519\include\valarray(628,26):
  veya       'std::valarray<_Ty> std::operator *(const std::valarray<_Ty> &,const valarray<_Ty>::value_type &)'
  C:\Program Files\Microsoft Visual Studio\2022\Community\VC\Tools\MSVC\14.39.33519\include\valarray(638,26):
  veya       'std::valarray<_Ty> std::operator *(const valarray<_Ty>::value_type &,const std::valarray<_Ty> &)'
  C:\Program Files\Microsoft Visual Studio\2022\Community\VC\Tools\MSVC\14.39.33519\include\valarray(868,26):
  veya       'std::valarray<_Ty> std::operator *(const std::valarray<_Ty> &,const std::valarray<_Ty> &)'
  C:\Users\User\Desktop\GameProject\src\Menu.cpp(24,22):
  '(std::unique_ptr)' bağımsız değişken listesi eşlenmeye çalışılırken
  
C:\Users\User\Desktop\GameProject\src\Menu.cpp(24,21): error C2100: 'std::unique_ptr' türündeki bir işlenene başvurulamaz [C:\Users\User\Desktop\GameProject\build\GameProject.vcxproj]
C:\Users\User\Desktop\GameProject\src\Menu.cpp(25,5): error C2678: ikili '->': 'std::unique_ptr' türünde bir sol taraf işleneni alan hiçbir işleç bulunamadı (veya hiç kabul edilebilir dönüştürme yok) [C:\Users\User\Desktop\GameProject\build\GameProject.vcxproj]
  C:\Program Files\Microsoft Visual Studio\2022\Community\VC\Tools\MSVC\14.39.33519\include\memory(3265,37):
  '_Get_deleter_pointer_type<_Ty,remove_reference<_Ty1>::type,void>::type std::unique_ptr<_Ty,_Dx>::operator ->(void) noexcept const' olabilirdi
  	C:\Users\User\Desktop\GameProject\src\Menu.cpp(25,5):
  	'_Get_deleter_pointer_type<_Ty,remove_reference<_Ty1>::type,void>::type std::unique_ptr<_Ty,_Dx>::operator ->(void) noexcept const': 'this' işaretçisi 'std::unique_ptr' iken 'const std::unique_ptr<_Ty,_Dx> &' olarak dönüştürülemiyor
  		C:\Users\User\Desktop\GameProject\src\Menu.cpp(25,5):
  		Nedeni: 'std::unique_ptr' değerinden 'const std::unique_ptr<_Ty,_Dx>' değerine dönüştürülemez
  		C:\Users\User\Desktop\GameProject\src\Menu.cpp(25,5):
  		Dönüştürme ikinci bir kullanıcı tanımlı dönüştürme işleci veya oluşturucu gerektiriyor
  C:\Users\User\Desktop\GameProject\src\Menu.cpp(25,5):
  '(std::unique_ptr)' bağımsız değişken listesi eşlenmeye çalışılırken
  
C:\Users\User\Desktop\GameProject\src\Menu.cpp(25,10): error C2039: 'LinkAttrib': bir 'std::unique_ptr' üyesi değil [C:\Users\User\Desktop\GameProject\build\GameProject.vcxproj]
  C:\Program Files\Microsoft Visual Studio\2022\Community\VC\Tools\MSVC\14.39.33519\include\memory(3172,7):
  'std::unique_ptr' bildirimine bakın
  
C:\Users\User\Desktop\GameProject\src\Menu.cpp(25,22): error C2678: ikili '*': 'std::unique_ptr' türünde bir sol taraf işleneni alan hiçbir işleç bulunamadı (veya hiç kabul edilebilir dönüştürme yok) [C:\Users\User\Desktop\GameProject\build\GameProject.vcxproj]
  C:\Program Files\Microsoft Visual Studio\2022\Community\VC\Tools\MSVC\14.39.33519\include\memory(3261,57):
  '_Add_reference<_Ty,void>::_Lvalue std::unique_ptr<_Ty,_Dx>::operator *(void) noexcept(<expr>) const' olabilirdi
  	C:\Users\User\Desktop\GameProject\src\Menu.cpp(25,22):
  	'_Add_reference<_Ty,void>::_Lvalue std::unique_ptr<_Ty,_Dx>::operator *(void) noexcept(<expr>) const': 'this' işaretçisi 'std::unique_ptr' iken 'const std::unique_ptr<_Ty,_Dx> &' olarak dönüştürülemiyor
  		C:\Users\User\Desktop\GameProject\src\Menu.cpp(25,22):
  		Nedeni: 'std::unique_ptr' değerinden 'const std::unique_ptr<_Ty,_Dx>' değerine dönüştürülemez
  		C:\Users\User\Desktop\GameProject\src\Menu.cpp(25,22):
  		Dönüştürme ikinci bir kullanıcı tanımlı dönüştürme işleci veya oluşturucu gerektiriyor
  C:\Program Files\Microsoft Visual Studio\2022\Community\VC\Tools\MSVC\14.39.33519\include\valarray(628,26):
  veya       'std::valarray<_Ty> std::operator *(const std::valarray<_Ty> &,const valarray<_Ty>::value_type &)'
  C:\Program Files\Microsoft Visual Studio\2022\Community\VC\Tools\MSVC\14.39.33519\include\valarray(638,26):
  veya       'std::valarray<_Ty> std::operator *(const valarray<_Ty>::value_type &,const std::valarray<_Ty> &)'
  C:\Program Files\Microsoft Visual Studio\2022\Community\VC\Tools\MSVC\14.39.33519\include\valarray(868,26):
  veya       'std::valarray<_Ty> std::operator *(const std::valarray<_Ty> &,const std::valarray<_Ty> &)'
  C:\Users\User\Desktop\GameProject\src\Menu.cpp(25,22):
  '(std::unique_ptr)' bağımsız değişken listesi eşlenmeye çalışılırken
  
C:\Users\User\Desktop\GameProject\src\Menu.cpp(25,21): error C2100: 'std::unique_ptr' türündeki bir işlenene başvurulamaz [C:\Users\User\Desktop\GameProject\build\GameProject.vcxproj]
C:\Users\User\Desktop\GameProject\src\Menu.cpp(26,5): error C2678: ikili '->': 'std::unique_ptr' türünde bir sol taraf işleneni alan hiçbir işleç bulunamadı (veya hiç kabul edilebilir dönüştürme yok) [C:\Users\User\Desktop\GameProject\build\GameProject.vcxproj]
  C:\Program Files\Microsoft Visual Studio\2022\Community\VC\Tools\MSVC\14.39.33519\include\memory(3265,37):
  '_Get_deleter_pointer_type<_Ty,remove_reference<_Ty1>::type,void>::type std::unique_ptr<_Ty,_Dx>::operator ->(void) noexcept const' olabilirdi
  	C:\Users\User\Desktop\GameProject\src\Menu.cpp(26,5):
  	'_Get_deleter_pointer_type<_Ty,remove_reference<_Ty1>::type,void>::type std::unique_ptr<_Ty,_Dx>::operator ->(void) noexcept const': 'this' işaretçisi 'std::unique_ptr' iken 'const std::unique_ptr<_Ty,_Dx> &' olarak dönüştürülemiyor
  		C:\Users\User\Desktop\GameProject\src\Menu.cpp(26,5):
  		Nedeni: 'std::unique_ptr' değerinden 'const std::unique_ptr<_Ty,_Dx>' değerine dönüştürülemez
  		C:\Users\User\Desktop\GameProject\src\Menu.cpp(26,5):
  		Dönüştürme ikinci bir kullanıcı tanımlı dönüştürme işleci veya oluşturucu gerektiriyor
  C:\Users\User\Desktop\GameProject\src\Menu.cpp(26,5):
  '(std::unique_ptr)' bağımsız değişken listesi eşlenmeye çalışılırken
  
C:\Users\User\Desktop\GameProject\src\Menu.cpp(26,10): error C2039: 'Unbind': bir 'std::unique_ptr' üyesi değil [C:\Users\User\Desktop\GameProject\build\GameProject.vcxproj]
  C:\Program Files\Microsoft Visual Studio\2022\Community\VC\Tools\MSVC\14.39.33519\include\memory(3172,7):
  'std::unique_ptr' bildirimine bakın
  
C:\Users\User\Desktop\GameProject\src\Menu.cpp(27,5): error C2678: ikili '->': 'std::unique_ptr' türünde bir sol taraf işleneni alan hiçbir işleç bulunamadı (veya hiç kabul edilebilir dönüştürme yok) [C:\Users\User\Desktop\GameProject\build\GameProject.vcxproj]
  C:\Program Files\Microsoft Visual Studio\2022\Community\VC\Tools\MSVC\14.39.33519\include\memory(3265,37):
  '_Get_deleter_pointer_type<_Ty,remove_reference<_Ty1>::type,void>::type std::unique_ptr<_Ty,_Dx>::operator ->(void) noexcept const' olabilirdi
  	C:\Users\User\Desktop\GameProject\src\Menu.cpp(27,5):
  	'_Get_deleter_pointer_type<_Ty,remove_reference<_Ty1>::type,void>::type std::unique_ptr<_Ty,_Dx>::operator ->(void) noexcept const': 'this' işaretçisi 'std::unique_ptr' iken 'const std::unique_ptr<_Ty,_Dx> &' olarak dönüştürülemiyor
  		C:\Users\User\Desktop\GameProject\src\Menu.cpp(27,5):
  		Nedeni: 'std::unique_ptr' değerinden 'const std::unique_ptr<_Ty,_Dx>' değerine dönüştürülemez
  		C:\Users\User\Desktop\GameProject\src\Menu.cpp(27,5):
  		Dönüştürme ikinci bir kullanıcı tanımlı dönüştürme işleci veya oluşturucu gerektiriyor
  C:\Users\User\Desktop\GameProject\src\Menu.cpp(27,5):
  '(std::unique_ptr)' bağımsız değişken listesi eşlenmeye çalışılırken
  
C:\Users\User\Desktop\GameProject\src\Menu.cpp(27,10): error C2039: 'Unbind': bir 'std::unique_ptr' üyesi değil [C:\Users\User\Desktop\GameProject\build\GameProject.vcxproj]
  C:\Program Files\Microsoft Visual Studio\2022\Community\VC\Tools\MSVC\14.39.33519\include\memory(3172,7):
  'std::unique_ptr' bildirimine bakın
  
C:\Users\User\Desktop\GameProject\src\Menu.cpp(28,5): error C2678: ikili '->': 'std::unique_ptr' türünde bir sol taraf işleneni alan hiçbir işleç bulunamadı (veya hiç kabul edilebilir dönüştürme yok) [C:\Users\User\Desktop\GameProject\build\GameProject.vcxproj]
  C:\Program Files\Microsoft Visual Studio\2022\Community\VC\Tools\MSVC\14.39.33519\include\memory(3265,37):
  '_Get_deleter_pointer_type<_Ty,remove_reference<_Ty1>::type,void>::type std::unique_ptr<_Ty,_Dx>::operator ->(void) noexcept const' olabilirdi
  	C:\Users\User\Desktop\GameProject\src\Menu.cpp(28,5):
  	'_Get_deleter_pointer_type<_Ty,remove_reference<_Ty1>::type,void>::type std::unique_ptr<_Ty,_Dx>::operator ->(void) noexcept const': 'this' işaretçisi 'std::unique_ptr' iken 'const std::unique_ptr<_Ty,_Dx> &' olarak dönüştürülemiyor
  		C:\Users\User\Desktop\GameProject\src\Menu.cpp(28,5):
  		Nedeni: 'std::unique_ptr' değerinden 'const std::unique_ptr<_Ty,_Dx>' değerine dönüştürülemez
  		C:\Users\User\Desktop\GameProject\src\Menu.cpp(28,5):
  		Dönüştürme ikinci bir kullanıcı tanımlı dönüştürme işleci veya oluşturucu gerektiriyor
  C:\Users\User\Desktop\GameProject\src\Menu.cpp(28,5):
  '(std::unique_ptr)' bağımsız değişken listesi eşlenmeye çalışılırken
  
C:\Users\User\Desktop\GameProject\src\Menu.cpp(28,10): error C2039: 'Unbind': bir 'std::unique_ptr' üyesi değil [C:\Users\User\Desktop\GameProject\build\GameProject.vcxproj]
  C:\Program Files\Microsoft Visual Studio\2022\Community\VC\Tools\MSVC\14.39.33519\include\memory(3172,7):
  'std::unique_ptr' bildirimine bakın
  
C:\Users\User\Desktop\GameProject\src\Menu.cpp(43,12): error C2511: 'void Menu::Draw(Window *,Shader *)': aşırı yüklenen üye işlev 'Menu' içinde bulunamadı [C:\Users\User\Desktop\GameProject\build\GameProject.vcxproj]
  C:\Users\User\Desktop\GameProject\Header\Menu.h(18,7):
  'Menu' bildirimine bakın
  
C:\Users\User\Desktop\GameProject\src\Menu.cpp(48,5): error C2653: 'glm': bir sınıf veya ad alanı adı değil [C:\Users\User\Desktop\GameProject\build\GameProject.vcxproj]
C:\Users\User\Desktop\GameProject\src\Menu.cpp(48,10): error C2065: 'mat4': bildirimi yapılmamış tanımlayıcı [C:\Users\User\Desktop\GameProject\build\GameProject.vcxproj]
C:\Users\User\Desktop\GameProject\src\Menu.cpp(48,15): error C2146: sözdizimi hatası: ';' eksik ('identity' tanımlayıcısından önce) [C:\Users\User\Desktop\GameProject\build\GameProject.vcxproj]
C:\Users\User\Desktop\GameProject\src\Menu.cpp(48,15): error C2065: 'identity': bildirimi yapılmamış tanımlayıcı [C:\Users\User\Desktop\GameProject\build\GameProject.vcxproj]
C:\Users\User\Desktop\GameProject\src\Menu.cpp(48,26): error C2653: 'glm': bir sınıf veya ad alanı adı değil [C:\Users\User\Desktop\GameProject\build\GameProject.vcxproj]
C:\Users\User\Desktop\GameProject\src\Menu.cpp(48,31): error C3861: 'mat4': tanımlayıcı bulunamadı [C:\Users\User\Desktop\GameProject\build\GameProject.vcxproj]
C:\Users\User\Desktop\GameProject\src\Menu.cpp(49,84): error C2653: 'glm': bir sınıf veya ad alanı adı değil [C:\Users\User\Desktop\GameProject\build\GameProject.vcxproj]
C:\Users\User\Desktop\GameProject\src\Menu.cpp(49,99): error C2065: 'identity': bildirimi yapılmamış tanımlayıcı [C:\Users\User\Desktop\GameProject\build\GameProject.vcxproj]
C:\Users\User\Desktop\GameProject\src\Menu.cpp(49,89): error C3861: 'value_ptr': tanımlayıcı bulunamadı [C:\Users\User\Desktop\GameProject\build\GameProject.vcxproj]
C:\Users\User\Desktop\GameProject\src\Menu.cpp(50,80): error C2653: 'glm': bir sınıf veya ad alanı adı değil [C:\Users\User\Desktop\GameProject\build\GameProject.vcxproj]
C:\Users\User\Desktop\GameProject\src\Menu.cpp(50,95): error C2065: 'identity': bildirimi yapılmamış tanımlayıcı [C:\Users\User\Desktop\GameProject\build\GameProject.vcxproj]
C:\Users\User\Desktop\GameProject\src\Menu.cpp(50,85): error C3861: 'value_ptr': tanımlayıcı bulunamadı [C:\Users\User\Desktop\GameProject\build\GameProject.vcxproj]
C:\Users\User\Desktop\GameProject\src\Menu.cpp(64,15): error C2677: ikili '==': 'MenuState' türünü alan hiçbir genel işleç bulunamadı (veya hiç kabul edilebilir dönüştürme yok) [C:\Users\User\Desktop\GameProject\build\GameProject.vcxproj]
C:\Users\User\Desktop\GameProject\src\Menu.cpp(64,43): error C2597: statik olmayan 'Menu::isGameStarted' üyesine başvuru geçersiz [C:\Users\User\Desktop\GameProject\build\GameProject.vcxproj]
  C:\Users\User\Desktop\GameProject\Header\Menu.h(22,10):
  'Menu::isGameStarted' bildirimine bakın
  
C:\Users\User\Desktop\GameProject\src\Menu.cpp(65,5): error C2597: statik olmayan 'Menu::previousState' üyesine başvuru geçersiz [C:\Users\User\Desktop\GameProject\build\GameProject.vcxproj]
  C:\Users\User\Desktop\GameProject\Header\Menu.h(21,15):
  'Menu::previousState' bildirimine bakın
  
C:\Users\User\Desktop\GameProject\src\Menu.cpp(70,9): error C2597: statik olmayan 'Menu::state' üyesine başvuru geçersiz [C:\Users\User\Desktop\GameProject\build\GameProject.vcxproj]
  C:\Users\User\Desktop\GameProject\Header\Menu.h(20,15):
  'Menu::state' bildirimine bakın
  
C:\Users\User\Desktop\GameProject\src\Menu.cpp(71,9): error C2597: statik olmayan 'Menu::isGameStarted' üyesine başvuru geçersiz [C:\Users\User\Desktop\GameProject\build\GameProject.vcxproj]
  C:\Users\User\Desktop\GameProject\Header\Menu.h(22,10):
  'Menu::isGameStarted' bildirimine bakın
  
C:\Users\User\Desktop\GameProject\src\Menu.cpp(75,28): error C2838: 'LOAD': üye bildiriminde geçersiz tam ad [C:\Users\User\Desktop\GameProject\build\GameProject.vcxproj]
C:\Users\User\Desktop\GameProject\src\Menu.cpp(75,28): error C2065: 'LOAD': bildirimi yapılmamış tanımlayıcı [C:\Users\User\Desktop\GameProject\build\GameProject.vcxproj]
C:\Users\User\Desktop\GameProject\src\Menu.cpp(75,9): error C2597: statik olmayan 'Menu::state' üyesine başvuru geçersiz [C:\Users\User\Desktop\GameProject\build\GameProject.vcxproj]
  C:\Users\User\Desktop\GameProject\Header\Menu.h(20,15):
  'Menu::state' bildirimine bakın
  
C:\Users\User\Desktop\GameProject\src\Menu.cpp(79,9): error C2597: statik olmayan 'Menu::state' üyesine başvuru geçersiz [C:\Users\User\Desktop\GameProject\build\GameProject.vcxproj]
  C:\Users\User\Desktop\GameProject\Header\Menu.h(20,15):
  'Menu::state' bildirimine bakın
  
C:\Users\User\Desktop\GameProject\src\Menu.cpp(83,9): error C2597: statik olmayan 'Menu::state' üyesine başvuru geçersiz [C:\Users\User\Desktop\GameProject\build\GameProject.vcxproj]
  C:\Users\User\Desktop\GameProject\Header\Menu.h(20,15):
  'Menu::state' bildirimine bakın
  
C:\Users\User\Desktop\GameProject\src\Menu.cpp(88,15): error C2677: ikili '==': 'MenuState' türünü alan hiçbir genel işleç bulunamadı (veya hiç kabul edilebilir dönüştürme yok) [C:\Users\User\Desktop\GameProject\build\GameProject.vcxproj]
C:\Users\User\Desktop\GameProject\src\Menu.cpp(93,30): error C2677: ikili '==': 'MenuState' türünü alan hiçbir genel işleç bulunamadı (veya hiç kabul edilebilir dönüştürme yok) [C:\Users\User\Desktop\GameProject\build\GameProject.vcxproj]
C:\Users\User\Desktop\GameProject\src\Menu.cpp(94,17): error C2597: statik olmayan 'Menu::state' üyesine başvuru geçersiz [C:\Users\User\Desktop\GameProject\build\GameProject.vcxproj]
  C:\Users\User\Desktop\GameProject\Header\Menu.h(20,15):
  'Menu::state' bildirimine bakın
  
C:\Users\User\Desktop\GameProject\src\Menu.cpp(96,17): error C2597: statik olmayan 'Menu::state' üyesine başvuru geçersiz [C:\Users\User\Desktop\GameProject\build\GameProject.vcxproj]
  C:\Users\User\Desktop\GameProject\Header\Menu.h(20,15):
  'Menu::state' bildirimine bakın
  
C:\Users\User\Desktop\GameProject\src\Menu.cpp(103,29): error C2838: 'SAVE': üye bildiriminde geçersiz tam ad [C:\Users\User\Desktop\GameProject\build\GameProject.vcxproj]
C:\Users\User\Desktop\GameProject\src\Menu.cpp(103,29): error C2065: 'SAVE': bildirimi yapılmamış tanımlayıcı [C:\Users\User\Desktop\GameProject\build\GameProject.vcxproj]
C:\Users\User\Desktop\GameProject\src\Menu.cpp(103,9): error C2597: statik olmayan 'Menu::state' üyesine başvuru geçersiz [C:\Users\User\Desktop\GameProject\build\GameProject.vcxproj]
  C:\Users\User\Desktop\GameProject\src\Menu.cpp(103,9):
  'Menu::state' bildirimine bakın
  
C:\Users\User\Desktop\GameProject\src\Menu.cpp(103,9): error C3867: 'Menu::state': standart olmayan söz dizimi; bir üyeye işaretçi oluşturmak için '&' kullanın [C:\Users\User\Desktop\GameProject\build\GameProject.vcxproj]
C:\Users\User\Desktop\GameProject\src\Menu.cpp(103,9): error C2568: '==': işlevin aşırı yüklenmesi çözümlenemedi [C:\Users\User\Desktop\GameProject\build\GameProject.vcxproj]
C:\Users\User\Desktop\GameProject\src\Menu.cpp(103,57): error C2838: 'LOAD': üye bildiriminde geçersiz tam ad [C:\Users\User\Desktop\GameProject\build\GameProject.vcxproj]
C:\Users\User\Desktop\GameProject\src\Menu.cpp(103,57): error C2065: 'LOAD': bildirimi yapılmamış tanımlayıcı [C:\Users\User\Desktop\GameProject\build\GameProject.vcxproj]
C:\Users\User\Desktop\GameProject\src\Menu.cpp(103,37): error C2597: statik olmayan 'Menu::state' üyesine başvuru geçersiz [C:\Users\User\Desktop\GameProject\build\GameProject.vcxproj]
  C:\Users\User\Desktop\GameProject\src\Menu.cpp(103,37):
  'Menu::state' bildirimine bakın
  
C:\Users\User\Desktop\GameProject\src\Menu.cpp(103,37): error C3867: 'Menu::state': standart olmayan söz dizimi; bir üyeye işaretçi oluşturmak için '&' kullanın [C:\Users\User\Desktop\GameProject\build\GameProject.vcxproj]
C:\Users\User\Desktop\GameProject\src\Menu.cpp(103,37): error C2568: '==': işlevin aşırı yüklenmesi çözümlenemedi [C:\Users\User\Desktop\GameProject\build\GameProject.vcxproj]
C:\Users\User\Desktop\GameProject\src\Menu.cpp(108,36): error C2838: 'SAVE': üye bildiriminde geçersiz tam ad [C:\Users\User\Desktop\GameProject\build\GameProject.vcxproj]
C:\Users\User\Desktop\GameProject\src\Menu.cpp(108,36): error C2065: 'SAVE': bildirimi yapılmamış tanımlayıcı [C:\Users\User\Desktop\GameProject\build\GameProject.vcxproj]
C:\Users\User\Desktop\GameProject\src\Menu.cpp(108,16): error C2597: statik olmayan 'Menu::state' üyesine başvuru geçersiz [C:\Users\User\Desktop\GameProject\build\GameProject.vcxproj]
  C:\Users\User\Desktop\GameProject\src\Menu.cpp(108,16):
  'Menu::state' bildirimine bakın
  
C:\Users\User\Desktop\GameProject\src\Menu.cpp(108,16): error C3867: 'Menu::state': standart olmayan söz dizimi; bir üyeye işaretçi oluşturmak için '&' kullanın [C:\Users\User\Desktop\GameProject\build\GameProject.vcxproj]
C:\Users\User\Desktop\GameProject\src\Menu.cpp(108,16): error C2568: '==': işlevin aşırı yüklenmesi çözümlenemedi [C:\Users\User\Desktop\GameProject\build\GameProject.vcxproj]
C:\Users\User\Desktop\GameProject\src\Menu.cpp(109,26): error C2065: 'player': bildirimi yapılmamış tanımlayıcı [C:\Users\User\Desktop\GameProject\build\GameProject.vcxproj]
C:\Users\User\Desktop\GameProject\src\Menu.cpp(109,34): error C2065: 'camera': bildirimi yapılmamış tanımlayıcı [C:\Users\User\Desktop\GameProject\build\GameProject.vcxproj]
C:\Users\User\Desktop\GameProject\src\Menu.cpp(109,42): error C2065: 'itemList': bildirimi yapılmamış tanımlayıcı [C:\Users\User\Desktop\GameProject\build\GameProject.vcxproj]
C:\Users\User\Desktop\GameProject\src\Menu.cpp(109,17): error C3861: 'SaveGame': tanımlayıcı bulunamadı [C:\Users\User\Desktop\GameProject\build\GameProject.vcxproj]
C:\Users\User\Desktop\GameProject\src\Menu.cpp(111,17): error C3861: 'LoadGame': tanımlayıcı bulunamadı [C:\Users\User\Desktop\GameProject\build\GameProject.vcxproj]
C:\Users\User\Desktop\GameProject\src\Menu.cpp(115,36): error C2838: 'SAVE': üye bildiriminde geçersiz tam ad [C:\Users\User\Desktop\GameProject\build\GameProject.vcxproj]
C:\Users\User\Desktop\GameProject\src\Menu.cpp(115,36): error C2065: 'SAVE': bildirimi yapılmamış tanımlayıcı [C:\Users\User\Desktop\GameProject\build\GameProject.vcxproj]
C:\Users\User\Desktop\GameProject\src\Menu.cpp(115,16): error C2597: statik olmayan 'Menu::state' üyesine başvuru geçersiz [C:\Users\User\Desktop\GameProject\build\GameProject.vcxproj]
  C:\Users\User\Desktop\GameProject\src\Menu.cpp(115,16):
  'Menu::state' bildirimine bakın
  
C:\Users\User\Desktop\GameProject\src\Menu.cpp(115,16): error C3867: 'Menu::state': standart olmayan söz dizimi; bir üyeye işaretçi oluşturmak için '&' kullanın [C:\Users\User\Desktop\GameProject\build\GameProject.vcxproj]
C:\Users\User\Desktop\GameProject\src\Menu.cpp(115,16): error C2568: '==': işlevin aşırı yüklenmesi çözümlenemedi [C:\Users\User\Desktop\GameProject\build\GameProject.vcxproj]
C:\Users\User\Desktop\GameProject\src\Menu.cpp(116,26): error C2065: 'player': bildirimi yapılmamış tanımlayıcı [C:\Users\User\Desktop\GameProject\build\GameProject.vcxproj]
C:\Users\User\Desktop\GameProject\src\Menu.cpp(116,34): error C2065: 'camera': bildirimi yapılmamış tanımlayıcı [C:\Users\User\Desktop\GameProject\build\GameProject.vcxproj]
C:\Users\User\Desktop\GameProject\src\Menu.cpp(116,34): error C1003: hata sayısı 100 taneyi aştı; derleme durduruluyor [C:\Users\User\Desktop\GameProject\build\GameProject.vcxproj]
  Kod Üretiliyor...
